[36mINFO: [0m[97m===Reasoner Rules===[0m
[36mINFO: [0m[97m===Policy Compliance===[0m
[36mINFO: [0m[97mViolations:[0m [37mpolicy[0m: '[36mComponents must be verified by SonarQube[0m' [37mviolations[0m: '[36m[][0m'
[36mINFO: [0m[97m===Policy Compliance===[0m
[36mINFO: [0m[97mViolations:[0m [37mpolicy[0m: '[36mNo undefined caches[0m' [37mviolations[0m: '[36m[][0m'
[36mINFO: [0m[97mViolations:[0m [37mpolicy[0m: '[36mBrowser data is deleted when the session ends[0m' [37mviolations[0m: '[36m[][0m'
[36mINFO: [0m[97mViolations:[0m [37mpolicy[0m: '[36mNo sensitive information in the browser[0m' [37mviolations[0m: '[36m[][0m'
[36mINFO: [0m[97m===Policy Compliance===[0m
[36mINFO: [0m[97mViolations:[0m [37mpolicy[0m: '[36mPersonal data requires valid destinataries[0m' [37mviolations[0m: '[36m[][0m'
[36mINFO: [0m[97mViolations:[0m [37mpolicy[0m: '[36mAll external entities must be defined[0m' [37mviolations[0m: '[36m[][0m'
[36mINFO: [0m[97mViolations:[0m [37mpolicy[0m: '[36mAll personal data must be defined[0m' [37mviolations[0m: '[36m[][0m'
[36mINFO: [0m[97mViolations:[0m [37mpolicy[0m: '[36mAll purposes of processing must be defined[0m' [37mviolations[0m: '[36m[][0m'
[36mINFO: [0m[97mViolations:[0m [37mpolicy[0m: '[36mAll processings have to undergo a DPIA[0m' [37mviolations[0m: '[36m[][0m'
[36mINFO: [0m[97mViolations:[0m [37mpolicy[0m: '[36mLast update date must be a valid date[0m' [37mviolations[0m: '[36m[][0m'
[36mINFO: [0m[97mViolations:[0m [37mpolicy[0m: '[36mRetention period has to be a valid duration[0m' [37mviolations[0m: '[36m[][0m'
[36mINFO: [0m[97mViolations:[0m [37mpolicy[0m: '[36mAll risks must be defined[0m' [37mviolations[0m: '[36m[][0m'
[36mINFO: [0m[97mViolations:[0m [37mpolicy[0m: '[36mData processing must be lawful[0m' [37mviolations[0m: '[36m[][0m'
[36mINFO: [0m[97mViolations:[0m [37mpolicy[0m: '[36mData can only be used for the declared purposes[0m' [37mviolations[0m: '[36m[][0m'
[36mINFO: [0m[97mViolations:[0m [37mpolicy[0m: '[36mDPIA[0m' [37mviolations[0m: '[36m[][0m'
[36mINFO: [0m[97mViolations:[0m [37mpolicy[0m: '[36mNew Technologies Require DPIA[0m' [37mviolations[0m: '[36m[][0m'
[36mINFO: [0m[97mViolations:[0m [37mpolicy[0m: '[36mProcessings With High Risk[0m' [37mviolations[0m: '[36m[][0m'
[36mINFO: [0m[97mViolations:[0m [37mpolicy[0m: '[36mDPO Veredict[0m' [37mviolations[0m: '[36m[][0m'
[36mINFO: [0m[97m===Policy Compliance===[0m
[36mINFO: [0m[97mViolations:[0m [37mpolicy[0m: '[36mNo undefined data types[0m' [37mviolations[0m: '[36m[][0m'
[36mINFO: [0m[97mViolations:[0m [37mpolicy[0m: '[36mAll external entities must be described[0m' [37mviolations[0m: '[36m[][0m'
[36mINFO: [0m[97mViolations:[0m [37mpolicy[0m: '[36mAll data flows must be identified[0m' [37mviolations[0m: '[36m[][0m'
[36mINFO: [0m[97mViolations:[0m [37mpolicy[0m: '[36mWrong time formatting[0m' [37mviolations[0m: '[36m[][0m'
[36mINFO: [0m[97mViolations:[0m [37mpolicy[0m: '[36mWrong data flow endpoints[0m' [37mviolations[0m: '[36m[][0m'
[36mINFO: [0m[97mViolations:[0m [37mpolicy[0m: '[36mUser data shall not leave the EU[0m' [37mviolations[0m: '[36m[][0m'
[36mINFO: [0m[97mViolations:[0m [37mpolicy[0m: '[36mOnly the strictly required data shall enter a process[0m' [37mviolations[0m: '[36m[][0m'
[36mINFO: [0m[97m===Attack Trees===[0m
[36mINFO: [0m[97mExecuting attack node:[0m [37mattack node[0m: '[36mC11[0m'
[36mINFO: [0m[97mPOSSIBLE[0m [37mnode[0m: '[36mC11[0m'
[36mINFO: [0m[97mExecuting attack node:[0m [37mattack node[0m: '[36mC1[0m'
[36mINFO: [0m[97mNOT POSSIBLE[0m [37mnode[0m: '[36mC1[0m'
[36mINFO: [0m[97mExecuting attack node:[0m [37mattack node[0m: '[36mC2[0m'
[36mINFO: [0m[97mNOT POSSIBLE[0m [37mnode[0m: '[36mC2[0m'
[36mINFO: [0m[97mUNREACHABLE[0m [37mnode[0m: '[36mR[0m'
[36mINFO: [0m[97m===Extra Data===[0m
[36mINFO: [0m[97mGetting extra information:[0m [37mquery[0m: '[36m./.devprivops/report_data/dpia/consent.rq[0m'
[36mINFO: [0m[97mExtra information extracted:[0m [37minfo[0m: '[36m[{"automated_decision_making":"false","dt":"https://devprivops.com/dfd/message","from":"https://devprivops.com/dpia/User","legitimate_interest_of":"https://devprivops.com/dpia/User","location":"Portugal","purposes":"https://devprivops.com/dpia/message_routing","to":"https://devprivops.com/dfd/send_message","toDPIA":"https://devprivops.com/dfd/send_message"},{"dt":"https://devprivops.com/dfd/message","from":"https://devprivops.com/dpia/User","location":"Portugal","storage_period":"eternal","to":"https://devprivops.com/dfd/message_db"},{"automated_decision_making":"false","dt":"https://devprivops.com/dfd/message","from":"https://devprivops.com/dpia/User","legitimate_interest_of":"https://devprivops.com/dpia/User","location":"Portugal","purposes":"https://devprivops.com/dpia/message_routing","to":"https://devprivops.com/dpia/User","toDPIA":"https://devprivops.com/dfd/send_message"},{"category":"https://devprivops.com/dpia/human","from":"https://devprivops.com/dpia/User","location":"Portugal","to":"https://devprivops.com/dpia/User"}][0m'
[36mINFO: [0m[97mWriting report[0m [37mto[0m: '[36mreport_alternate.json[0m'
[36mINFO: [0m[97mSending report to visualizer[0m [37murl[0m: '[36mhttp://localhost:8000[0m'
[36mINFO: [0m[97mReport sent[0m [37mresponse[0m: '[36mnull[0m'
[36mINFO: [0m[97m===Reasoner Rules===[0m
[36mINFO: [0m[97m===Policy Compliance===[0m
[36mINFO: [0m[97mViolations:[0m [37mpolicy[0m: '[36mComponents must be verified by SonarQube[0m' [37mviolations[0m: '[36m[][0m'
[36mINFO: [0m[97m===Policy Compliance===[0m
[36mINFO: [0m[97mViolations:[0m [37mpolicy[0m: '[36mNo undefined caches[0m' [37mviolations[0m: '[36m[][0m'
[36mINFO: [0m[97mViolations:[0m [37mpolicy[0m: '[36mBrowser data is deleted when the session ends[0m' [37mviolations[0m: '[36m[][0m'
[36mINFO: [0m[97mViolations:[0m [37mpolicy[0m: '[36mNo sensitive information in the browser[0m' [37mviolations[0m: '[36m[][0m'
[36mINFO: [0m[97m===Policy Compliance===[0m
[36mINFO: [0m[97mViolations:[0m [37mpolicy[0m: '[36mPersonal data requires valid destinataries[0m' [37mviolations[0m: '[36m[][0m'
[36mINFO: [0m[97mViolations:[0m [37mpolicy[0m: '[36mAll external entities must be defined[0m' [37mviolations[0m: '[36m[][0m'
[36mINFO: [0m[97mViolations:[0m [37mpolicy[0m: '[36mAll personal data must be defined[0m' [37mviolations[0m: '[36m[][0m'
[36mINFO: [0m[97mViolations:[0m [37mpolicy[0m: '[36mAll purposes of processing must be defined[0m' [37mviolations[0m: '[36m[][0m'
[36mINFO: [0m[97mViolations:[0m [37mpolicy[0m: '[36mAll processings have to undergo a DPIA[0m' [37mviolations[0m: '[36m[][0m'
[36mINFO: [0m[97mViolations:[0m [37mpolicy[0m: '[36mLast update date must be a valid date[0m' [37mviolations[0m: '[36m[][0m'
[36mINFO: [0m[97mViolations:[0m [37mpolicy[0m: '[36mRetention period has to be a valid duration[0m' [37mviolations[0m: '[36m[][0m'
[36mINFO: [0m[97mViolations:[0m [37mpolicy[0m: '[36mAll risks must be defined[0m' [37mviolations[0m: '[36m[][0m'
[36mINFO: [0m[97mViolations:[0m [37mpolicy[0m: '[36mData processing must be lawful[0m' [37mviolations[0m: '[36m[][0m'
[36mINFO: [0m[97mViolations:[0m [37mpolicy[0m: '[36mData can only be used for the declared purposes[0m' [37mviolations[0m: '[36m[][0m'
[36mINFO: [0m[97mViolations:[0m [37mpolicy[0m: '[36mDPIA[0m' [37mviolations[0m: '[36m[][0m'
[36mINFO: [0m[97mViolations:[0m [37mpolicy[0m: '[36mNew Technologies Require DPIA[0m' [37mviolations[0m: '[36m[][0m'
[36mINFO: [0m[97mViolations:[0m [37mpolicy[0m: '[36mProcessings With High Risk[0m' [37mviolations[0m: '[36m[][0m'
[36mINFO: [0m[97mViolations:[0m [37mpolicy[0m: '[36mDPO Veredict[0m' [37mviolations[0m: '[36m[][0m'
[36mINFO: [0m[97m===Policy Compliance===[0m
[36mINFO: [0m[97mViolations:[0m [37mpolicy[0m: '[36mNo undefined data types[0m' [37mviolations[0m: '[36m[][0m'
[36mINFO: [0m[97mViolations:[0m [37mpolicy[0m: '[36mAll external entities must be described[0m' [37mviolations[0m: '[36m[][0m'
[36mINFO: [0m[97mViolations:[0m [37mpolicy[0m: '[36mAll data flows must be identified[0m' [37mviolations[0m: '[36m[][0m'
[36mINFO: [0m[97mViolations:[0m [37mpolicy[0m: '[36mWrong time formatting[0m' [37mviolations[0m: '[36m[][0m'
[36mINFO: [0m[97mViolations:[0m [37mpolicy[0m: '[36mWrong data flow endpoints[0m' [37mviolations[0m: '[36m[][0m'
[36mINFO: [0m[97mViolations:[0m [37mpolicy[0m: '[36mUser data shall not leave the EU[0m' [37mviolations[0m: '[36m[][0m'
[36mINFO: [0m[97mViolations:[0m [37mpolicy[0m: '[36mOnly the strictly required data shall enter a process[0m' [37mviolations[0m: '[36m[][0m'
[36mINFO: [0m[97m===Attack Trees===[0m
[36mINFO: [0m[97mExecuting attack node:[0m [37mattack node[0m: '[36mC11[0m'
[36mINFO: [0m[97mPOSSIBLE[0m [37mnode[0m: '[36mC11[0m'
[36mINFO: [0m[97mExecuting attack node:[0m [37mattack node[0m: '[36mC1[0m'
[36mINFO: [0m[97mNOT POSSIBLE[0m [37mnode[0m: '[36mC1[0m'
[36mINFO: [0m[97mExecuting attack node:[0m [37mattack node[0m: '[36mC2[0m'
[36mINFO: [0m[97mNOT POSSIBLE[0m [37mnode[0m: '[36mC2[0m'
[36mINFO: [0m[97mUNREACHABLE[0m [37mnode[0m: '[36mR[0m'
[36mINFO: [0m[97m===Extra Data===[0m
[36mINFO: [0m[97mGetting extra information:[0m [37mquery[0m: '[36m./.devprivops/report_data/dpia/consent.rq[0m'
[36mINFO: [0m[97mExtra information extracted:[0m [37minfo[0m: '[36m[{"automated_decision_making":"false","dt":"https://devprivops.com/dfd/message","from":"https://devprivops.com/dpia/User","legitimate_interest_of":"https://devprivops.com/dpia/User","location":"Portugal","purposes":"https://devprivops.com/dpia/message_routing","to":"https://devprivops.com/dfd/send_message","toDPIA":"https://devprivops.com/dfd/send_message"},{"dt":"https://devprivops.com/dfd/message","from":"https://devprivops.com/dpia/User","location":"Portugal","storage_period":"eternal","to":"https://devprivops.com/dfd/message_db"},{"automated_decision_making":"false","dt":"https://devprivops.com/dfd/message","from":"https://devprivops.com/dpia/User","legitimate_interest_of":"https://devprivops.com/dpia/User","location":"Portugal","purposes":"https://devprivops.com/dpia/message_routing","to":"https://devprivops.com/dpia/User","toDPIA":"https://devprivops.com/dfd/send_message"},{"category":"https://devprivops.com/dpia/human","from":"https://devprivops.com/dpia/User","location":"Portugal","to":"https://devprivops.com/dpia/User"}][0m'
[36mINFO: [0m[97mWriting report[0m [37mto[0m: '[36mreport_config.json[0m'
[36mINFO: [0m[97mSending report to visualizer[0m [37murl[0m: '[36mhttp://localhost:8000[0m'
[36mINFO: [0m[97mReport sent[0m [37mresponse[0m: '[36mnull[0m'
