[36mINFO: [0m[97mLoading scenario[0m [37mscenario[0m: '[36mtests/a[0m'
[36mINFO: [0m[97m===Reasoner Rules===[0m
[36mINFO: [0m[97mRunning test[0m [37mtest[0m: '[36mregulations/asvs/consistency/no_undefined_caches.rq[0m'
[36mINFO: [0m[97mRunning test[0m [37mtest[0m: '[36mregulations/asvs/policies/browser_data_deleted_on_exit.rq[0m'
[36mINFO: [0m[97mRunning test[0m [37mtest[0m: '[36mregulations/asvs/policies/no_sensitive_info_in_browser.rq[0m'
[36mINFO: [0m[97mRunning test[0m [37mtest[0m: '[36mregulations/dpia/consistency/destinataries_exist.rq[0m'
[36mINFO: [0m[97mRunning test[0m [37mtest[0m: '[36mregulations/dpia/consistency/no_undefined_external_entities.rq[0m'
[36mINFO: [0m[97mRunning test[0m [37mtest[0m: '[36mregulations/dpia/consistency/no_undefined_personal_data.rq[0m'
[36mINFO: [0m[97mRunning test[0m [37mtest[0m: '[36mregulations/dpia/consistency/no_undefined_processing.rq[0m'
[36mINFO: [0m[97mRunning test[0m [37mtest[0m: '[36mregulations/dpia/consistency/no_undefined_purpose.rq[0m'
[36mINFO: [0m[97mRunning test[0m [37mtest[0m: '[36mregulations/dpia/consistency/no_undefined_risks.rq[0m'
[36mINFO: [0m[97mRunning test[0m [37mtest[0m: '[36mregulations/dpia/consistency/valid_retention_period.rq[0m'
[36mINFO: [0m[97mRunning test[0m [37mtest[0m: '[36mregulations/dpia/consistency/valid_update_date.rq[0m'
[36mINFO: [0m[97mRunning test[0m [37mtest[0m: '[36mregulations/dpia/policies/new_technologies.rq[0m'
[36mINFO: [0m[97mRunning test[0m [37mtest[0m: '[36mregulations/dpia/policies/high_risk.rq[0m'
[36mINFO: [0m[97mRunning test[0m [37mtest[0m: '[36mregulations/dpia/policies/dpo.rq[0m'
[36mINFO: [0m[97mRunning test[0m [37mtest[0m: '[36mregulations/dpia/policies/dpia.rq[0m'
[36mINFO: [0m[97mRunning test[0m [37mtest[0m: '[36mregulations/dpia/policies/lawful_processing.rq[0m'
[36mINFO: [0m[97mRunning test[0m [37mtest[0m: '[36mregulations/dpia/policies/minimal_purposes.rq[0m'
[36mINFO: [0m[97mRunning test[0m [37mtest[0m: '[36mregulations/gdpr/consistency/no_undefined_data_flows.rq[0m'
[36mINFO: [0m[97mRunning test[0m [37mtest[0m: '[36mregulations/gdpr/consistency/no_undefined_data_types.rq[0m'
[36mINFO: [0m[97mRunning test[0m [37mtest[0m: '[36mregulations/gdpr/consistency/no_undefined_entities.rq[0m'
[36mINFO: [0m[97mRunning test[0m [37mtest[0m: '[36mregulations/gdpr/consistency/time_format.rq[0m'
[36mINFO: [0m[97mRunning test[0m [37mtest[0m: '[36mregulations/gdpr/consistency/wrong_data_flow_endpoints.rq[0m'
[36mINFO: [0m[97mRunning test[0m [37mtest[0m: '[36mregulations/gdpr/policies/data_in_EU.rq[0m'
[36mINFO: [0m[97mRunning test[0m [37mtest[0m: '[36mregulations/gdpr/policies/data_minimization.rq[0m'
[36mINFO: [0m[97mAll tests passed![0m [37mscenario[0m: '[36mtests/a[0m'
[36mINFO: [0m[97mLoading scenario[0m [37mscenario[0m: '[36mtests/asvs_browser[0m'
[36mINFO: [0m[97m===Reasoner Rules===[0m
[36mINFO: [0m[97mRunning test[0m [37mtest[0m: '[36mregulations/asvs/consistency/no_undefined_caches.rq[0m'
[36mINFO: [0m[97mRunning test[0m [37mtest[0m: '[36mregulations/asvs/policies/browser_data_deleted_on_exit.rq[0m'
[36mINFO: [0m[97mRunning test[0m [37mtest[0m: '[36mregulations/asvs/policies/no_sensitive_info_in_browser.rq[0m'
[36mINFO: [0m[97mRunning test[0m [37mtest[0m: '[36mregulations/dpia/consistency/destinataries_exist.rq[0m'
[36mINFO: [0m[97mRunning test[0m [37mtest[0m: '[36mregulations/dpia/consistency/no_undefined_external_entities.rq[0m'
[36mINFO: [0m[97mRunning test[0m [37mtest[0m: '[36mregulations/dpia/consistency/no_undefined_personal_data.rq[0m'
[36mINFO: [0m[97mRunning test[0m [37mtest[0m: '[36mregulations/dpia/consistency/no_undefined_processing.rq[0m'
[36mINFO: [0m[97mRunning test[0m [37mtest[0m: '[36mregulations/dpia/consistency/no_undefined_purpose.rq[0m'
[36mINFO: [0m[97mRunning test[0m [37mtest[0m: '[36mregulations/dpia/consistency/no_undefined_risks.rq[0m'
[36mINFO: [0m[97mRunning test[0m [37mtest[0m: '[36mregulations/dpia/consistency/valid_retention_period.rq[0m'
[36mINFO: [0m[97mRunning test[0m [37mtest[0m: '[36mregulations/dpia/consistency/valid_update_date.rq[0m'
[36mINFO: [0m[97mRunning test[0m [37mtest[0m: '[36mregulations/dpia/policies/new_technologies.rq[0m'
[36mINFO: [0m[97mRunning test[0m [37mtest[0m: '[36mregulations/dpia/policies/high_risk.rq[0m'
[36mINFO: [0m[97mRunning test[0m [37mtest[0m: '[36mregulations/dpia/policies/dpo.rq[0m'
[36mINFO: [0m[97mRunning test[0m [37mtest[0m: '[36mregulations/dpia/policies/dpia.rq[0m'
[36mINFO: [0m[97mRunning test[0m [37mtest[0m: '[36mregulations/dpia/policies/lawful_processing.rq[0m'
[36mINFO: [0m[97mRunning test[0m [37mtest[0m: '[36mregulations/dpia/policies/minimal_purposes.rq[0m'
[36mINFO: [0m[97mRunning test[0m [37mtest[0m: '[36mregulations/gdpr/consistency/no_undefined_data_flows.rq[0m'
[36mINFO: [0m[97mRunning test[0m [37mtest[0m: '[36mregulations/gdpr/consistency/no_undefined_data_types.rq[0m'
[36mINFO: [0m[97mRunning test[0m [37mtest[0m: '[36mregulations/gdpr/consistency/no_undefined_entities.rq[0m'
[36mINFO: [0m[97mRunning test[0m [37mtest[0m: '[36mregulations/gdpr/consistency/time_format.rq[0m'
[36mINFO: [0m[97mRunning test[0m [37mtest[0m: '[36mregulations/gdpr/consistency/wrong_data_flow_endpoints.rq[0m'
[36mINFO: [0m[97mRunning test[0m [37mtest[0m: '[36mregulations/gdpr/policies/data_in_EU.rq[0m'
[36mINFO: [0m[97mRunning test[0m [37mtest[0m: '[36mregulations/gdpr/policies/data_minimization.rq[0m'
[36mINFO: [0m[97mAll tests passed![0m [37mscenario[0m: '[36mtests/asvs_browser[0m'
[36mINFO: [0m[97mLoading scenario[0m [37mscenario[0m: '[36mtests/dpia_con[0m'
[36mINFO: [0m[97m===Reasoner Rules===[0m
[36mINFO: [0m[97mRunning test[0m [37mtest[0m: '[36mregulations/asvs/consistency/no_undefined_caches.rq[0m'
[36mINFO: [0m[97mRunning test[0m [37mtest[0m: '[36mregulations/asvs/policies/browser_data_deleted_on_exit.rq[0m'
[36mINFO: [0m[97mRunning test[0m [37mtest[0m: '[36mregulations/asvs/policies/no_sensitive_info_in_browser.rq[0m'
[36mINFO: [0m[97mRunning test[0m [37mtest[0m: '[36mregulations/dpia/consistency/destinataries_exist.rq[0m'
[36mINFO: [0m[97mRunning test[0m [37mtest[0m: '[36mregulations/dpia/consistency/no_undefined_external_entities.rq[0m'
[36mINFO: [0m[97mRunning test[0m [37mtest[0m: '[36mregulations/dpia/consistency/no_undefined_personal_data.rq[0m'
[36mINFO: [0m[97mRunning test[0m [37mtest[0m: '[36mregulations/dpia/consistency/no_undefined_processing.rq[0m'
[36mINFO: [0m[97mRunning test[0m [37mtest[0m: '[36mregulations/dpia/consistency/no_undefined_purpose.rq[0m'
[36mINFO: [0m[97mRunning test[0m [37mtest[0m: '[36mregulations/dpia/consistency/no_undefined_risks.rq[0m'
[36mINFO: [0m[97mRunning test[0m [37mtest[0m: '[36mregulations/dpia/consistency/valid_retention_period.rq[0m'
[36mINFO: [0m[97mRunning test[0m [37mtest[0m: '[36mregulations/dpia/consistency/valid_update_date.rq[0m'
[36mINFO: [0m[97mRunning test[0m [37mtest[0m: '[36mregulations/dpia/policies/new_technologies.rq[0m'
[36mINFO: [0m[97mRunning test[0m [37mtest[0m: '[36mregulations/dpia/policies/high_risk.rq[0m'
[36mINFO: [0m[97mRunning test[0m [37mtest[0m: '[36mregulations/dpia/policies/dpo.rq[0m'
[36mINFO: [0m[97mRunning test[0m [37mtest[0m: '[36mregulations/dpia/policies/dpia.rq[0m'
[36mINFO: [0m[97mRunning test[0m [37mtest[0m: '[36mregulations/dpia/policies/lawful_processing.rq[0m'
[36mINFO: [0m[97mRunning test[0m [37mtest[0m: '[36mregulations/dpia/policies/minimal_purposes.rq[0m'
[36mINFO: [0m[97mRunning test[0m [37mtest[0m: '[36mregulations/gdpr/consistency/no_undefined_data_flows.rq[0m'
[36mINFO: [0m[97mRunning test[0m [37mtest[0m: '[36mregulations/gdpr/consistency/no_undefined_data_types.rq[0m'
[36mINFO: [0m[97mRunning test[0m [37mtest[0m: '[36mregulations/gdpr/consistency/no_undefined_entities.rq[0m'
[36mINFO: [0m[97mRunning test[0m [37mtest[0m: '[36mregulations/gdpr/consistency/time_format.rq[0m'
[36mINFO: [0m[97mRunning test[0m [37mtest[0m: '[36mregulations/gdpr/consistency/wrong_data_flow_endpoints.rq[0m'
[36mINFO: [0m[97mRunning test[0m [37mtest[0m: '[36mregulations/gdpr/policies/data_in_EU.rq[0m'
[36mINFO: [0m[97mRunning test[0m [37mtest[0m: '[36mregulations/gdpr/policies/data_minimization.rq[0m'
[36mINFO: [0m[97mAll tests passed![0m [37mscenario[0m: '[36mtests/dpia_con[0m'
[36mINFO: [0m[97mLoading scenario[0m [37mscenario[0m: '[36mtests/gdpr_con[0m'
[36mINFO: [0m[97m===Reasoner Rules===[0m
[36mINFO: [0m[97mRunning test[0m [37mtest[0m: '[36mregulations/asvs/consistency/no_undefined_caches.rq[0m'
[36mINFO: [0m[97mRunning test[0m [37mtest[0m: '[36mregulations/asvs/policies/browser_data_deleted_on_exit.rq[0m'
[36mINFO: [0m[97mRunning test[0m [37mtest[0m: '[36mregulations/asvs/policies/no_sensitive_info_in_browser.rq[0m'
[36mINFO: [0m[97mRunning test[0m [37mtest[0m: '[36mregulations/dpia/consistency/destinataries_exist.rq[0m'
[36mINFO: [0m[97mRunning test[0m [37mtest[0m: '[36mregulations/dpia/consistency/no_undefined_external_entities.rq[0m'
[36mINFO: [0m[97mRunning test[0m [37mtest[0m: '[36mregulations/dpia/consistency/no_undefined_personal_data.rq[0m'
[36mINFO: [0m[97mRunning test[0m [37mtest[0m: '[36mregulations/dpia/consistency/no_undefined_processing.rq[0m'
[36mINFO: [0m[97mRunning test[0m [37mtest[0m: '[36mregulations/dpia/consistency/no_undefined_purpose.rq[0m'
[36mINFO: [0m[97mRunning test[0m [37mtest[0m: '[36mregulations/dpia/consistency/no_undefined_risks.rq[0m'
[36mINFO: [0m[97mRunning test[0m [37mtest[0m: '[36mregulations/dpia/consistency/valid_retention_period.rq[0m'
[36mINFO: [0m[97mRunning test[0m [37mtest[0m: '[36mregulations/dpia/consistency/valid_update_date.rq[0m'
[36mINFO: [0m[97mRunning test[0m [37mtest[0m: '[36mregulations/dpia/policies/new_technologies.rq[0m'
[36mINFO: [0m[97mRunning test[0m [37mtest[0m: '[36mregulations/dpia/policies/high_risk.rq[0m'
[36mINFO: [0m[97mRunning test[0m [37mtest[0m: '[36mregulations/dpia/policies/dpo.rq[0m'
[36mINFO: [0m[97mRunning test[0m [37mtest[0m: '[36mregulations/dpia/policies/dpia.rq[0m'
[36mINFO: [0m[97mRunning test[0m [37mtest[0m: '[36mregulations/dpia/policies/lawful_processing.rq[0m'
[36mINFO: [0m[97mRunning test[0m [37mtest[0m: '[36mregulations/dpia/policies/minimal_purposes.rq[0m'
[36mINFO: [0m[97mRunning test[0m [37mtest[0m: '[36mregulations/gdpr/consistency/no_undefined_data_flows.rq[0m'
[36mINFO: [0m[97mRunning test[0m [37mtest[0m: '[36mregulations/gdpr/consistency/no_undefined_data_types.rq[0m'
[36mINFO: [0m[97mRunning test[0m [37mtest[0m: '[36mregulations/gdpr/consistency/no_undefined_entities.rq[0m'
[36mINFO: [0m[97mRunning test[0m [37mtest[0m: '[36mregulations/gdpr/consistency/time_format.rq[0m'
[36mINFO: [0m[97mRunning test[0m [37mtest[0m: '[36mregulations/gdpr/consistency/wrong_data_flow_endpoints.rq[0m'
[36mINFO: [0m[97mRunning test[0m [37mtest[0m: '[36mregulations/gdpr/policies/data_in_EU.rq[0m'
[36mINFO: [0m[97mRunning test[0m [37mtest[0m: '[36mregulations/gdpr/policies/data_minimization.rq[0m'
[36mINFO: [0m[97mAll tests passed![0m [37mscenario[0m: '[36mtests/gdpr_con[0m'
[36mINFO: [0m[97mLoading scenario[0m [37mscenario[0m: '[36mtests/dpia_pol[0m'
[36mINFO: [0m[97m===Reasoner Rules===[0m
[36mINFO: [0m[97mRunning test[0m [37mtest[0m: '[36mregulations/asvs/consistency/no_undefined_caches.rq[0m'
[36mINFO: [0m[97mRunning test[0m [37mtest[0m: '[36mregulations/asvs/policies/browser_data_deleted_on_exit.rq[0m'
[36mINFO: [0m[97mRunning test[0m [37mtest[0m: '[36mregulations/asvs/policies/no_sensitive_info_in_browser.rq[0m'
[36mINFO: [0m[97mRunning test[0m [37mtest[0m: '[36mregulations/dpia/consistency/destinataries_exist.rq[0m'
[36mINFO: [0m[97mRunning test[0m [37mtest[0m: '[36mregulations/dpia/consistency/no_undefined_external_entities.rq[0m'
[36mINFO: [0m[97mRunning test[0m [37mtest[0m: '[36mregulations/dpia/consistency/no_undefined_personal_data.rq[0m'
[36mINFO: [0m[97mRunning test[0m [37mtest[0m: '[36mregulations/dpia/consistency/no_undefined_processing.rq[0m'
[36mINFO: [0m[97mRunning test[0m [37mtest[0m: '[36mregulations/dpia/consistency/no_undefined_purpose.rq[0m'
[36mINFO: [0m[97mRunning test[0m [37mtest[0m: '[36mregulations/dpia/consistency/no_undefined_risks.rq[0m'
[36mINFO: [0m[97mRunning test[0m [37mtest[0m: '[36mregulations/dpia/consistency/valid_retention_period.rq[0m'
[36mINFO: [0m[97mRunning test[0m [37mtest[0m: '[36mregulations/dpia/consistency/valid_update_date.rq[0m'
[36mINFO: [0m[97mRunning test[0m [37mtest[0m: '[36mregulations/dpia/policies/new_technologies.rq[0m'
[36mINFO: [0m[97mRunning test[0m [37mtest[0m: '[36mregulations/dpia/policies/high_risk.rq[0m'
[36mINFO: [0m[97mRunning test[0m [37mtest[0m: '[36mregulations/dpia/policies/dpo.rq[0m'
[36mINFO: [0m[97mRunning test[0m [37mtest[0m: '[36mregulations/dpia/policies/dpia.rq[0m'
[36mINFO: [0m[97mRunning test[0m [37mtest[0m: '[36mregulations/dpia/policies/lawful_processing.rq[0m'
[36mINFO: [0m[97mRunning test[0m [37mtest[0m: '[36mregulations/dpia/policies/minimal_purposes.rq[0m'
[36mINFO: [0m[97mRunning test[0m [37mtest[0m: '[36mregulations/gdpr/consistency/no_undefined_data_flows.rq[0m'
[36mINFO: [0m[97mRunning test[0m [37mtest[0m: '[36mregulations/gdpr/consistency/no_undefined_data_types.rq[0m'
[36mINFO: [0m[97mRunning test[0m [37mtest[0m: '[36mregulations/gdpr/consistency/no_undefined_entities.rq[0m'
[36mINFO: [0m[97mRunning test[0m [37mtest[0m: '[36mregulations/gdpr/consistency/time_format.rq[0m'
[36mINFO: [0m[97mRunning test[0m [37mtest[0m: '[36mregulations/gdpr/consistency/wrong_data_flow_endpoints.rq[0m'
[36mINFO: [0m[97mRunning test[0m [37mtest[0m: '[36mregulations/gdpr/policies/data_in_EU.rq[0m'
[36mINFO: [0m[97mRunning test[0m [37mtest[0m: '[36mregulations/gdpr/policies/data_minimization.rq[0m'
[36mINFO: [0m[97mAll tests passed![0m [37mscenario[0m: '[36mtests/dpia_pol[0m'
[36mINFO: [0m[97mLoading scenario[0m [37mscenario[0m: '[36mtests/dfd_pol[0m'
[36mINFO: [0m[97m===Reasoner Rules===[0m
[36mINFO: [0m[97mRunning test[0m [37mtest[0m: '[36mregulations/asvs/consistency/no_undefined_caches.rq[0m'
[36mINFO: [0m[97mRunning test[0m [37mtest[0m: '[36mregulations/asvs/policies/browser_data_deleted_on_exit.rq[0m'
[36mINFO: [0m[97mRunning test[0m [37mtest[0m: '[36mregulations/asvs/policies/no_sensitive_info_in_browser.rq[0m'
[36mINFO: [0m[97mRunning test[0m [37mtest[0m: '[36mregulations/dpia/consistency/destinataries_exist.rq[0m'
[36mINFO: [0m[97mRunning test[0m [37mtest[0m: '[36mregulations/dpia/consistency/no_undefined_external_entities.rq[0m'
[36mINFO: [0m[97mRunning test[0m [37mtest[0m: '[36mregulations/dpia/consistency/no_undefined_personal_data.rq[0m'
[36mINFO: [0m[97mRunning test[0m [37mtest[0m: '[36mregulations/dpia/consistency/no_undefined_processing.rq[0m'
[36mINFO: [0m[97mRunning test[0m [37mtest[0m: '[36mregulations/dpia/consistency/no_undefined_purpose.rq[0m'
[36mINFO: [0m[97mRunning test[0m [37mtest[0m: '[36mregulations/dpia/consistency/no_undefined_risks.rq[0m'
[36mINFO: [0m[97mRunning test[0m [37mtest[0m: '[36mregulations/dpia/consistency/valid_retention_period.rq[0m'
[36mINFO: [0m[97mRunning test[0m [37mtest[0m: '[36mregulations/dpia/consistency/valid_update_date.rq[0m'
[36mINFO: [0m[97mRunning test[0m [37mtest[0m: '[36mregulations/dpia/policies/new_technologies.rq[0m'
[36mINFO: [0m[97mRunning test[0m [37mtest[0m: '[36mregulations/dpia/policies/high_risk.rq[0m'
[36mINFO: [0m[97mRunning test[0m [37mtest[0m: '[36mregulations/dpia/policies/dpo.rq[0m'
[36mINFO: [0m[97mRunning test[0m [37mtest[0m: '[36mregulations/dpia/policies/dpia.rq[0m'
[36mINFO: [0m[97mRunning test[0m [37mtest[0m: '[36mregulations/dpia/policies/lawful_processing.rq[0m'
[36mINFO: [0m[97mRunning test[0m [37mtest[0m: '[36mregulations/dpia/policies/minimal_purposes.rq[0m'
[36mINFO: [0m[97mRunning test[0m [37mtest[0m: '[36mregulations/gdpr/consistency/no_undefined_data_flows.rq[0m'
[36mINFO: [0m[97mRunning test[0m [37mtest[0m: '[36mregulations/gdpr/consistency/no_undefined_data_types.rq[0m'
[36mINFO: [0m[97mRunning test[0m [37mtest[0m: '[36mregulations/gdpr/consistency/no_undefined_entities.rq[0m'
[36mINFO: [0m[97mRunning test[0m [37mtest[0m: '[36mregulations/gdpr/consistency/time_format.rq[0m'
[36mINFO: [0m[97mRunning test[0m [37mtest[0m: '[36mregulations/gdpr/consistency/wrong_data_flow_endpoints.rq[0m'
[36mINFO: [0m[97mRunning test[0m [37mtest[0m: '[36mregulations/gdpr/policies/data_in_EU.rq[0m'
[36mINFO: [0m[97mRunning test[0m [37mtest[0m: '[36mregulations/gdpr/policies/data_minimization.rq[0m'
[36mINFO: [0m[97mAll tests passed![0m [37mscenario[0m: '[36mtests/dfd_pol[0m'
